[hackers-squad.usluga.me/index.html]
[backblue.gif]
[fade.gif]
[index.html]
[hackers-squad.usluga.me/uploads/s/q/g/s/qgsidzdqx4py/img/full_LHdmVk7f.png]
[hackers-squad.usluga.me/faviconbe07.ico]
[hackers-squad.usluga.me/js/lib/modernizr-webpc859.js]
[hackers-squad.usluga.me/css/devicePublish.minc859.css]
[hackers-squad.usluga.me/css/lib/bootstrap.minc859.css]
[hackers-squad.usluga.me/css/lib/animate.minc859.css]
[hackers-squad.usluga.me/js/ulib/performancec859.js]
[hackers-squad.usluga.me/css/require/floatingBlockc859.css]
[hackers-squad.usluga.me/sitecss/srcset-64a977cbf866726424b095c1-all5059.css]
[hackers-squad.usluga.me/sitecss/typography5059.css]
[hackers-squad.usluga.me/dist-version/css/pub.v1c859.css]
[hackers-squad.usluga.me/templates/new_landing/css/main-g-theme-site-1-desktop.css]
[hackers-squad.usluga.me/templates/new_landing/css/main-g-theme-site-1-tablet.css]
[hackers-squad.usluga.me/templates/new_landing/css/main-g-theme-site-1-phone.css]
[hackers-squad.usluga.me/__scale/templates/new_landing/img/full_olSqQgby7369.png]
[hackers-squad.usluga.me/templates/new_landing/img/full_olSqQgby.png]
[hackers-squad.usluga.me/taken_root_20.html]
[hackers-squad.usluga.me/js/lib/requirejs.minc859.js]
[hackers-squad.usluga.me/dist-version/js/pub.v1.bundlec859.js]
[hackers-squad.usluga.me/js/lib/cssrelpreloadc859.js]
[hackers-squad.usluga.me/js/ulib/criticalc859.js]
[hackers-squad.usluga.me/js/ulib/orderFormc859.js]
[hackers-squad.usluga.me/css/require/scroll-animationc859.css]
[hackers-squad.usluga.me/js/ulib/scroll-animationc859.js]
[hackers-squad.usluga.me/js/ulib/backgroundBlockColorc859.js]
[hackers-squad.usluga.me/js/ulib/floatingBlockc859.js]
[hackers-squad.usluga.me/index.html]
[hackers-squad.usluga.me/css/devicePublish.minc859.css]
[hackers-squad.usluga.me/css/lib/bootstrap.minc859.css]
[hackers-squad.usluga.me/css/lib/animate.minc859.css]
[hackers-squad.usluga.me/css/require/floatingBlockc859.css]
[hackers-squad.usluga.me/js/ulib/block-100vhc859.js]
[hackers-squad.usluga.me/__scale/templates/new_landing/img/full_F6UznkEi9504.png]
[hackers-squad.usluga.me/__scale/templates/new_landing/img/full_F6UznkEi1c8a.png]
[hackers-squad.usluga.me/__scale/templates/new_landing/img/full_F6UznkEif418.png]
[hackers-squad.usluga.me/__scale/templates/new_landing/img/full_F6UznkEia8b9.png]
[hackers-squad.usluga.me/__scale/templates/new_landing/img/full_F6UznkEibfaa.png]
[hackers-squad.usluga.me/__scale/templates/new_landing/img/full_F6UznkEi4b7e.png]
[hackers-squad.usluga.me/__scale/templates/new_landing/img/full_F6UznkEi2477.png]
[hackers-squad.usluga.me/__scale/templates/new_landing/img/full_F6UznkEid2aa.png]
[hackers-squad.usluga.me/__scale/templates/new_landing/img/full_F6UznkEi0017.png]
[hackers-squad.usluga.me/__scale/templates/new_landing/img/full_F6UznkEid2b8.png]
[hackers-squad.usluga.me/__scale/templates/new_landing/img/full_F6UznkEi77f2.png]
[hackers-squad.usluga.me/__scale/templates/new_landing/img/full_F6UznkEi143d.png]
[hackers-squad.usluga.me/__scale/templates/new_landing/img/full_F6UznkEi3b39.png]
[hackers-squad.usluga.me/__scale/templates/new_landing/img/full_F6UznkEi7eb2.png]
[hackers-squad.usluga.me/__scale/templates/new_landing/img/full_F6UznkEi0a37.png]
[hackers-squad.usluga.me/__scale/templates/new_landing/img/full_F6UznkEi1e5e.png]
[hackers-squad.usluga.me/__scale/templates/new_landing/img/full_F6UznkEi30cc.png]
[hackers-squad.usluga.me/__scale/templates/new_landing/img/full_F6UznkEi81f0.png]
[hackers-squad.usluga.me/__scale/templates/new_landing/img/full_F6UznkEi855e.png]
[hackers-squad.usluga.me/__scale/templates/new_landing/img/full_F6UznkEifee9.png]
[hackers-squad.usluga.me/__scale/templates/new_landing/img/full_F6UznkEic31f.png]
[hackers-squad.usluga.me/__scale/templates/new_landing/img/full_F6UznkEib852.png]
[hackers-squad.usluga.me/sitecss/srcset-64a977cbf866726424b095c1-all5059.css]
[hackers-squad.usluga.me/sitecss/typography5059.css]
[hackers-squad.usluga.me/dist-version/css/pub.v1c859.css]
[hackers-squad.usluga.me/templates/new_landing/css/main-g-theme-site-1-desktop.css]
[hackers-squad.usluga.me/templates/new_landing/css/main-g-theme-site-1-tablet.css]
[hackers-squad.usluga.me/templates/new_landing/css/main-g-theme-site-1-phone.css]
[hackers-squad.usluga.me/faviconb6aa.ico]
[hackers-squad.usluga.me/sitecss/srcset-64aa4af2b4c93646291b6fa4-all5059.css]
[hackers-squad.usluga.me/css/lib/swiper.min.css]
[hackers-squad.usluga.me/uploads/s/q/g/s/qgsidzdqx4py/img/full_Gen6CeJy.png]
[hackers-squad.usluga.me/__scale/uploads/s/q/g/s/qgsidzdqx4py/img/autocrop/e4cf11f44f579d1cf2e32aaf22ea24f0af10.png]
[hackers-squad.usluga.me/__scale/uploads/s/q/g/s/qgsidzdqx4py/img/autocrop/e4cf11f44f579d1cf2e32aaf22ea24f0bb0d.png]
[hackers-squad.usluga.me/uploads/s/q/g/s/qgsidzdqx4py/img/autocrop/e4cf11f44f579d1cf2e32aaf22ea24f0.png]
[hackers-squad.usluga.me/uploads/s/q/g/s/qgsidzdqx4py/img/full_BuEH6UTO.png]
[hackers-squad.usluga.me/uploads/s/q/g/s/qgsidzdqx4py/img/autocrop/f27b687b7a4add06bc3c76b6889f2d72.png]
[hackers-squad.usluga.me/uploads/s/q/g/s/qgsidzdqx4py/img/full_ofVPOUHF.png]
[hackers-squad.usluga.me/__scale/uploads/s/q/g/s/qgsidzdqx4py/img/autocrop/79575349f5d28fea2a54e8c44618420954b9.png]
[hackers-squad.usluga.me/__scale/uploads/s/q/g/s/qgsidzdqx4py/img/autocrop/79575349f5d28fea2a54e8c446184209d09e.png]
[hackers-squad.usluga.me/uploads/s/q/g/s/qgsidzdqx4py/img/autocrop/79575349f5d28fea2a54e8c446184209.png]
[hackers-squad.usluga.me/uploads/s/q/g/s/qgsidzdqx4py/img/full_0dDO0B8c.png]
[hackers-squad.usluga.me/uploads/s/q/g/s/qgsidzdqx4py/img/autocrop/ca4705d40ebb3b92a871fbea90c514cd.png]
[hackers-squad.usluga.me/uploads/s/q/g/s/qgsidzdqx4py/img/full_aRMKYQpj.png]
[hackers-squad.usluga.me/uploads/s/q/g/s/qgsidzdqx4py/img/autocrop/346ff90782adbc25a34240cbd6b15e46.png]
[hackers-squad.usluga.me/uploads/s/q/g/s/qgsidzdqx4py/img/full_FSEGwNgm.png]
[hackers-squad.usluga.me/__scale/uploads/s/q/g/s/qgsidzdqx4py/img/autocrop/e7e9c25b6c7b430d1f95bfe6f7600ab2cdc9.png]
[hackers-squad.usluga.me/__scale/uploads/s/q/g/s/qgsidzdqx4py/img/autocrop/e7e9c25b6c7b430d1f95bfe6f7600ab214c9.png]
[hackers-squad.usluga.me/uploads/s/q/g/s/qgsidzdqx4py/img/autocrop/e7e9c25b6c7b430d1f95bfe6f7600ab2.png]
[hackers-squad.usluga.me/__scale/uploads/s/q/g/s/qgsidzdqx4py/img/autocrop/48d40854d9e8628237b6d5105b546016af10.png]
[hackers-squad.usluga.me/__scale/uploads/s/q/g/s/qgsidzdqx4py/img/autocrop/48d40854d9e8628237b6d5105b546016bb0d.png]
[hackers-squad.usluga.me/uploads/s/q/g/s/qgsidzdqx4py/img/autocrop/48d40854d9e8628237b6d5105b546016.png]
[hackers-squad.usluga.me/uploads/s/q/g/s/qgsidzdqx4py/img/full_pQYTIGAn.png]
[hackers-squad.usluga.me/__scale/uploads/s/q/g/s/qgsidzdqx4py/img/autocrop/25c0c79da956febe5f3a375e688dcdcd6e04.png]
[hackers-squad.usluga.me/__scale/uploads/s/q/g/s/qgsidzdqx4py/img/autocrop/25c0c79da956febe5f3a375e688dcdcd75ac.png]
[hackers-squad.usluga.me/uploads/s/q/g/s/qgsidzdqx4py/img/autocrop/25c0c79da956febe5f3a375e688dcdcd.png]
[hackers-squad.usluga.me/taken_root_20.html]
[hackers-squad.usluga.me/css/require/scroll-animationc859.css]
[hackers-squad.usluga.me/sitecss/srcset-64aa4af2b4c93646291b6fa4-all5059.css]
[hackers-squad.usluga.me/css/lib/swiper.min.css]
